I'm sorry, but errors were detected in your script. Please correct the
errors listed below, and try again.


File "game/script.rpy", line 33: Line is indented, but the preceding show statement statement does not expect a block. Please check this line's indentation.
    xalign 0.75
    ^

Ren'Py Version: Ren'Py 7.4.10.2178
Wed Dec  8 10:13:50 2021
